// Jest Snapshot v1, https://goo.gl/fbAQLP

exports[`<Counter /> should match the snapshot 1`] = `
ShallowWrapper {
  "length": 1,
  Symbol(enzyme.__root__): [Circular],
  Symbol(enzyme.__unrendered__): <CounterComponent />,
  Symbol(enzyme.__renderer__): Object {
    "batchedUpdates": [Function],
    "getNode": [Function],
    "render": [Function],
    "simulateEvent": [Function],
    "unmount": [Function],
  },
  Symbol(enzyme.__node__): Object {
    "instance": null,
    "key": undefined,
    "nodeType": "host",
    "props": Object {
      "children": Array [
        "Counter: ",
        0,
        <button
          className="counter"
          onClick={[Function]}
        >
          +
        </button>,
        <button
          onClick={[Function]}
        >
          -
        </button>,
      ],
    },
    "ref": null,
    "rendered": Array [
      "Counter: ",
      0,
      Object {
        "instance": null,
        "key": undefined,
        "nodeType": "host",
        "props": Object {
          "children": "+",
          "className": "counter",
          "onClick": [Function],
        },
        "ref": null,
        "rendered": "+",
        "type": "button",
      },
      Object {
        "instance": null,
        "key": undefined,
        "nodeType": "host",
        "props": Object {
          "children": "-",
          "onClick": [Function],
        },
        "ref": null,
        "rendered": "-",
        "type": "button",
      },
    ],
    "type": "div",
  },
  Symbol(enzyme.__nodes__): Array [
    Object {
      "instance": null,
      "key": undefined,
      "nodeType": "host",
      "props": Object {
        "children": Array [
          "Counter: ",
          0,
          <button
            className="counter"
            onClick={[Function]}
          >
            +
          </button>,
          <button
            onClick={[Function]}
          >
            -
          </button>,
        ],
      },
      "ref": null,
      "rendered": Array [
        "Counter: ",
        0,
        Object {
          "instance": null,
          "key": undefined,
          "nodeType": "host",
          "props": Object {
            "children": "+",
            "className": "counter",
            "onClick": [Function],
          },
          "ref": null,
          "rendered": "+",
          "type": "button",
        },
        Object {
          "instance": null,
          "key": undefined,
          "nodeType": "host",
          "props": Object {
            "children": "-",
            "onClick": [Function],
          },
          "ref": null,
          "rendered": "-",
          "type": "button",
        },
      ],
      "type": "div",
    },
  ],
  Symbol(enzyme.__options__): Object {
    "adapter": ReactSixteenAdapter {
      "options": Object {
        "enableComponentDidUpdateOnSetState": true,
      },
    },
  },
}
`;
